// Jest Snapshot v1, https://goo.gl/fbAQLP

exports[`Board renders correctly 1`] = `
<div>
  <div
    className="board-row"
  >
    <button
      className="square"
      data-testid="secret-test-id"
      onClick={[Function]}
    />
    <button
      className="square"
      data-testid="secret-test-id"
      onClick={[Function]}
    />
    <button
      className="square"
      data-testid="secret-test-id"
      onClick={[Function]}
    />
  </div>
  <div
    className="board-row"
  >
    <button
      className="square"
      data-testid="secret-test-id"
      onClick={[Function]}
    />
    <button
      className="square"
      data-testid="secret-test-id"
      onClick={[Function]}
    />
    <button
      className="square"
      data-testid="secret-test-id"
      onClick={[Function]}
    />
  </div>
  <div
    className="board-row"
  >
    <button
      className="square"
      data-testid="secret-test-id"
      onClick={[Function]}
    />
    <button
      className="square"
      data-testid="secret-test-id"
      onClick={[Function]}
    />
    <button
      className="square"
      data-testid="secret-test-id"
      onClick={[Function]}
    />
  </div>
</div>
`;
